[     181ms] [INFO] %cDownload the React DevTools for a better development experience: https://react.dev/link/react-devtools font-weight:bold @ http://localhost:5199/node_modules/.vite/deps/react-dom_client.js?v=e9a7414a:14336
[     250ms] Error: Seems like you have not used zustand provider as an ancestor. Help: https://reactflow.dev/error#001
    at useStoreApi (http://localhost:5199/node_modules/.vite/deps/@xyflow_react.js?v=f811c728:6042:28)
    at useViewportHelper (http://localhost:5199/node_modules/.vite/deps/@xyflow_react.js?v=f811c728:6421:16)
    at useReactFlow (http://localhost:5199/node_modules/.vite/deps/@xyflow_react.js?v=f811c728:6840:25)
    at CanvasToolbar (http://localhost:5199/src/components/canvas/CanvasToolbar.tsx:8:39)
    at Object.react_stack_bottom_frame (http://localhost:5199/node_modules/.vite/deps/react-dom_client.js?v=e9a7414a:12867:12)
    at renderWithHooks (http://localhost:5199/node_modules/.vite/deps/react-dom_client.js?v=e9a7414a:4212:19)
    at updateFunctionComponent (http://localhost:5199/node_modules/.vite/deps/react-dom_client.js?v=e9a7414a:5568:16)
    at beginWork (http://localhost:5199/node_modules/.vite/deps/react-dom_client.js?v=e9a7414a:6139:20)
    at runWithFiberInDEV (http://localhost:5199/node_modules/.vite/deps/react-dom_client.js?v=e9a7414a:850:66)
    at performUnitOfWork (http://localhost:5199/node_modules/.vite/deps/react-dom_client.js?v=e9a7414a:8428:92)
[     250ms] [WARNING] %s

%s
 An error occurred in the <CanvasToolbar> component. Consider adding an error boundary to your tree to customize error handling behavior.
Visit https://react.dev/link/error-boundaries to learn more about error boundaries. @ http://localhost:5199/@vite/client:524
[   18218ms] Error: Seems like you have not used zustand provider as an ancestor. Help: https://reactflow.dev/error#001
    at useStoreApi (http://localhost:5199/node_modules/.vite/deps/@xyflow_react.js?v=f811c728:6042:28)
    at useViewportHelper (http://localhost:5199/node_modules/.vite/deps/@xyflow_react.js?v=f811c728:6421:16)
    at useReactFlow (http://localhost:5199/node_modules/.vite/deps/@xyflow_react.js?v=f811c728:6840:25)
    at CanvasToolbar (http://localhost:5199/src/components/canvas/CanvasToolbar.tsx:8:39)
    at Object.react_stack_bottom_frame (http://localhost:5199/node_modules/.vite/deps/react-dom_client.js?v=e9a7414a:12867:12)
    at renderWithHooks (http://localhost:5199/node_modules/.vite/deps/react-dom_client.js?v=e9a7414a:4212:19)
    at updateFunctionComponent (http://localhost:5199/node_modules/.vite/deps/react-dom_client.js?v=e9a7414a:5568:16)
    at beginWork (http://localhost:5199/node_modules/.vite/deps/react-dom_client.js?v=e9a7414a:6139:20)
    at runWithFiberInDEV (http://localhost:5199/node_modules/.vite/deps/react-dom_client.js?v=e9a7414a:850:66)
    at performUnitOfWork (http://localhost:5199/node_modules/.vite/deps/react-dom_client.js?v=e9a7414a:8428:92)
[   18214ms] [WARNING] %s

%s
 An error occurred in the <CanvasToolbar> component. Consider adding an error boundary to your tree to customize error handling behavior.
Visit https://react.dev/link/error-boundaries to learn more about error boundaries. @ http://localhost:5199/@vite/client:524
[   30911ms] [ERROR] Failed to load resource: the server responded with a status of 500 (Internal Server Error) @ http://localhost:5199/src/components/canvas/SlotCanvas.tsx?t=1780846672424:0
[   30913ms] [ERROR] [vite] Failed to reload /src/components/canvas/SlotCanvas.tsx. This could be due to syntax errors or importing non-existent modules. (see errors above) @ http://localhost:5199/@vite/client:524
