[     488ms] [INFO] %cDownload the React DevTools for a better development experience: https://react.dev/link/react-devtools font-weight:bold @ http://localhost:5199/node_modules/.vite/deps/react-dom_client.js?v=a5c66423:14337
[   19472ms] [INFO] [2026-06-07T16:20:30.646Z] Information: Normalizing '/hubs/runs' to 'http://localhost:5199/hubs/runs'. @ http://localhost:5199/node_modules/.vite/deps/@microsoft_signalr.js?v=f59e92bc:308
[   19595ms] [ERROR] Failed to load resource: the server responded with a status of 502 (Bad Gateway) @ http://localhost:5199/hubs/runs/negotiate?negotiateVersion=1:0
[   19605ms] [ERROR] [2026-06-07T16:20:30.784Z] Error: Failed to complete negotiation with the server: Error: Bad Gateway: Status code '502' @ http://localhost:5199/@vite/client:524
[   19610ms] [ERROR] [2026-06-07T16:20:30.788Z] Error: Failed to start the connection: Error: Failed to complete negotiation with the server: Error: Bad Gateway: Status code '502' @ http://localhost:5199/@vite/client:524
[   19610ms] [WARNING] SignalR unavailable, using simulated data @ http://localhost:5199/@vite/client:524
[   28173ms] [INFO] %cDownload the React DevTools for a better development experience: https://react.dev/link/react-devtools font-weight:bold @ http://localhost:5199/node_modules/.vite/deps/react-dom_client.js?v=e27a10e4:14337
[   28266ms] [ERROR] Invalid hook call. Hooks can only be called inside of the body of a function component. This could happen for one of the following reasons:
1. You might have mismatching versions of React and the renderer (such as React DOM)
2. You might be breaking the Rules of Hooks
3. You might have more than one copy of React in the same app
See https://react.dev/link/invalid-hook-call for tips about how to debug and fix this problem. @ http://localhost:5199/@vite/client:524
[   28271ms] [ERROR] Invalid hook call. Hooks can only be called inside of the body of a function component. This could happen for one of the following reasons:
1. You might have mismatching versions of React and the renderer (such as React DOM)
2. You might be breaking the Rules of Hooks
3. You might have more than one copy of React in the same app
See https://react.dev/link/invalid-hook-call for tips about how to debug and fix this problem. @ http://localhost:5199/@vite/client:524
[   28315ms] TypeError: Cannot read properties of null (reading 'useContext')
    at exports.useContext (http://localhost:5199/node_modules/.vite/deps/react.js?v=c737747e:706:22)
    at useInRouterContext (http://localhost:5199/node_modules/.vite/deps/react-router-dom.js?v=db6bfc15:3894:22)
    at useLocation (http://localhost:5199/node_modules/.vite/deps/react-router-dom.js?v=db6bfc15:3897:12)
    at Layout (http://localhost:5199/src/components/Layout.tsx:32:19)
    at Object.react_stack_bottom_frame (http://localhost:5199/node_modules/.vite/deps/react-dom_client.js?v=e27a10e4:12868:12)
    at renderWithHooks (http://localhost:5199/node_modules/.vite/deps/react-dom_client.js?v=e27a10e4:4213:19)
    at updateFunctionComponent (http://localhost:5199/node_modules/.vite/deps/react-dom_client.js?v=e27a10e4:5569:16)
    at beginWork (http://localhost:5199/node_modules/.vite/deps/react-dom_client.js?v=e27a10e4:6140:20)
    at runWithFiberInDEV (http://localhost:5199/node_modules/.vite/deps/react-dom_client.js?v=e27a10e4:851:66)
    at performUnitOfWork (http://localhost:5199/node_modules/.vite/deps/react-dom_client.js?v=e27a10e4:8429:92)
[   28277ms] [WARNING] %s

%s
 An error occurred in the <Layout> component. Consider adding an error boundary to your tree to customize error handling behavior.
Visit https://react.dev/link/error-boundaries to learn more about error boundaries. @ http://localhost:5199/@vite/client:524
[   30069ms] [INFO] %cDownload the React DevTools for a better development experience: https://react.dev/link/react-devtools font-weight:bold @ http://localhost:5199/node_modules/.vite/deps/react-dom_client.js?v=a5c66423:14337
[   32195ms] [ERROR] WebSocket connection to 'ws://localhost:5199/?token=WsVd2yTety2y' failed:  @ http://localhost:5199/@vite/client:864
[   32196ms] [LOG] [vite] server connection lost. Polling for restart... @ http://localhost:5199/@vite/client:992
